Archive member included to satisfy reference by file (symbol)

e:/program_files/atmel/studio/7.0/toolchain/avr8/avr8-gnu-toolchain/bin/../lib/gcc/avr/5.4.0/avr5\libgcc.a(_divmodhi4.o)
                              main.o (__divmodhi4)
e:/program_files/atmel/studio/7.0/toolchain/avr8/avr8-gnu-toolchain/bin/../lib/gcc/avr/5.4.0/avr5\libgcc.a(_exit.o)
                              e:/program_files/atmel/studio/7.0/toolchain/avr8/avr8-gnu-toolchain/bin/../lib/gcc/avr/5.4.0/../../../../avr/lib/avr5/crtatmega32.o (exit)
e:/program_files/atmel/studio/7.0/toolchain/avr8/avr8-gnu-toolchain/bin/../lib/gcc/avr/5.4.0/avr5\libgcc.a(_copy_data.o)
                              main.o (__do_copy_data)
e:/program_files/atmel/studio/7.0/toolchain/avr8/avr8-gnu-toolchain/bin/../lib/gcc/avr/5.4.0/avr5\libgcc.a(_clear_bss.o)
                              main.o (__do_clear_bss)
e:/program_files/atmel/studio/7.0/toolchain/avr8/avr8-gnu-toolchain/bin/../lib/gcc/avr/5.4.0/avr5\libgcc.a(_udivmodhi4.o)
                              e:/program_files/atmel/studio/7.0/toolchain/avr8/avr8-gnu-toolchain/bin/../lib/gcc/avr/5.4.0/avr5\libgcc.a(_divmodhi4.o) (__udivmodhi4)
e:/program_files/atmel/studio/7.0/toolchain/avr8/avr8-gnu-toolchain/bin/../lib/gcc/avr/5.4.0/../../../../avr/lib/avr5\libc.a(memcpy.o)
                              Source/queue.o (memcpy)
e:/program_files/atmel/studio/7.0/toolchain/avr8/avr8-gnu-toolchain/bin/../lib/gcc/avr/5.4.0/../../../../avr/lib/avr5\libc.a(memset.o)
                              Source/tasks.o (memset)
e:/program_files/atmel/studio/7.0/toolchain/avr8/avr8-gnu-toolchain/bin/../lib/gcc/avr/5.4.0/../../../../avr/lib/avr5\libc.a(strncpy.o)
                              Source/tasks.o (strncpy)

Allocating common symbols
Common symbol       size              file

temp_max            0x2               main.o
temp_min            0x2               main.o
temp_act            0x2               main.o
LED_ptr             0x1               main.o
first_temp          0x1               main.o
gSensorIDs          0x8               Source/ds18x20.o
LED_buf             0x4               main.o

Discarded input sections

 .data          0x00000000        0x0 e:/program_files/atmel/studio/7.0/toolchain/avr8/avr8-gnu-toolchain/bin/../lib/gcc/avr/5.4.0/../../../../avr/lib/avr5/crtatmega32.o
 .bss           0x00000000        0x0 e:/program_files/atmel/studio/7.0/toolchain/avr8/avr8-gnu-toolchain/bin/../lib/gcc/avr/5.4.0/../../../../avr/lib/avr5/crtatmega32.o
 .text          0x00000000        0x0 main.o
 .data          0x00000000        0x0 main.o
 .bss           0x00000000        0x0 main.o
 .text          0x00000000        0x0 Source/crc8.o
 .data          0x00000000        0x0 Source/crc8.o
 .bss           0x00000000        0x0 Source/crc8.o
 .text          0x00000000        0x0 Source/croutine.o
 .data          0x00000000        0x0 Source/croutine.o
 .bss           0x00000000        0x0 Source/croutine.o
 .text.xCoRoutineCreate
                0x00000000       0xe4 Source/croutine.o
 .text.vCoRoutineAddToDelayedList
                0x00000000       0x84 Source/croutine.o
 .text.vCoRoutineSchedule
                0x00000000      0x1da Source/croutine.o
 .text.xCoRoutineRemoveFromEventList
                0x00000000       0x4a Source/croutine.o
 .bss.xPassedTicks
                0x00000000        0x2 Source/croutine.o
 .bss.xLastTickCount
                0x00000000        0x2 Source/croutine.o
 .bss.xCoRoutineTickCount
                0x00000000        0x2 Source/croutine.o
 .bss.uxTopCoRoutineReadyPriority
                0x00000000        0x1 Source/croutine.o
 .bss.pxCurrentCoRoutine
                0x00000000        0x2 Source/croutine.o
 .bss.xPendingReadyCoRoutineList
                0x00000000        0x9 Source/croutine.o
 .bss.pxOverflowDelayedCoRoutineList
                0x00000000        0x2 Source/croutine.o
 .bss.pxDelayedCoRoutineList
                0x00000000        0x2 Source/croutine.o
 .bss.xDelayedCoRoutineList2
                0x00000000        0x9 Source/croutine.o
 .bss.xDelayedCoRoutineList1
                0x00000000        0x9 Source/croutine.o
 .bss.pxReadyCoRoutineLists
                0x00000000       0x12 Source/croutine.o
 .debug_info    0x00000000      0x768 Source/croutine.o
 .debug_abbrev  0x00000000      0x244 Source/croutine.o
 .debug_loc     0x00000000      0x41c Source/croutine.o
 .debug_aranges
                0x00000000       0x38 Source/croutine.o
 .debug_ranges  0x00000000       0x40 Source/croutine.o
 .debug_line    0x00000000      0x2da Source/croutine.o
 .debug_str     0x00000000      0x54a Source/croutine.o
 .comment       0x00000000       0x31 Source/croutine.o
 .debug_frame   0x00000000       0xbc Source/croutine.o
 .text          0x00000000        0x0 Source/ds18x20.o
 .data          0x00000000        0x0 Source/ds18x20.o
 .bss           0x00000000        0x0 Source/ds18x20.o
 .text.DS18X20_temp_cmp
                0x00000000       0x2e Source/ds18x20.o
 .text.DS18X20_get_power_status
                0x00000000       0x34 Source/ds18x20.o
 .text.DS18X20_read_meas_single
                0x00000000       0xbe Source/ds18x20.o
 .text          0x00000000        0x0 Source/list.o
 .data          0x00000000        0x0 Source/list.o
 .bss           0x00000000        0x0 Source/list.o
 .text          0x00000000        0x0 Source/onewire.o
 .data          0x00000000        0x0 Source/onewire.o
 .bss           0x00000000        0x0 Source/onewire.o
 .text.ow_parasite_disable
                0x00000000        0x6 Source/onewire.o
 .text          0x00000000        0x0 Source/portable/MemMang/heap_1.o
 .data          0x00000000        0x0 Source/portable/MemMang/heap_1.o
 .bss           0x00000000        0x0 Source/portable/MemMang/heap_1.o
 .text.vPortInitialiseBlocks
                0x00000000        0xa Source/portable/MemMang/heap_1.o
 .text.xPortGetFreeHeapSize
                0x00000000       0x12 Source/portable/MemMang/heap_1.o
 .text          0x00000000        0x0 Source/portable/port.o
 .data          0x00000000        0x0 Source/portable/port.o
 .bss           0x00000000        0x0 Source/portable/port.o
 .text.vPortEndScheduler
                0x00000000        0x2 Source/portable/port.o
 .text.vPortYieldFromTick
                0x00000000       0xb6 Source/portable/port.o
 .text          0x00000000        0x0 Source/queue.o
 .data          0x00000000        0x0 Source/queue.o
 .bss           0x00000000        0x0 Source/queue.o
 .text.xQueueReceiveFromISR
                0x00000000       0x52 Source/queue.o
 .text.uxQueueMessagesWaiting
                0x00000000       0x10 Source/queue.o
 .text.uxQueueMessagesWaitingFromISR
                0x00000000        0x6 Source/queue.o
 .text.vQueueDelete
                0x00000000       0x18 Source/queue.o
 .text.xQueueIsQueueEmptyFromISR
                0x00000000        0xc Source/queue.o
 .text.xQueueIsQueueFullFromISR
                0x00000000        0xe Source/queue.o
 .text          0x00000000        0x0 Source/tasks.o
 .data          0x00000000        0x0 Source/tasks.o
 .bss           0x00000000        0x0 Source/tasks.o
 .text.vTaskEndScheduler
                0x00000000        0xa Source/tasks.o
 .text.xTaskGetTickCount
                0x00000000       0x14 Source/tasks.o
 .text.xTaskGetTickCountFromISR
                0x00000000        0xa Source/tasks.o
 .text.uxTaskGetNumberOfTasks
                0x00000000        0x6 Source/tasks.o
 .text          0x00000000        0x0 Source/timers.o
 .data          0x00000000        0x0 Source/timers.o
 .bss           0x00000000        0x0 Source/timers.o
 .debug_info    0x00000000       0x6b Source/timers.o
 .debug_abbrev  0x00000000       0x26 Source/timers.o
 .debug_aranges
                0x00000000       0x18 Source/timers.o
 .debug_line    0x00000000       0x1a Source/timers.o
 .debug_str     0x00000000      0x1a0 Source/timers.o
 .comment       0x00000000       0x31 Source/timers.o
 .text          0x00000000        0x0 e:/program_files/atmel/studio/7.0/toolchain/avr8/avr8-gnu-toolchain/bin/../lib/gcc/avr/5.4.0/avr5\libgcc.a(_divmodhi4.o)
 .data          0x00000000        0x0 e:/program_files/atmel/studio/7.0/toolchain/avr8/avr8-gnu-toolchain/bin/../lib/gcc/avr/5.4.0/avr5\libgcc.a(_divmodhi4.o)
 .bss           0x00000000        0x0 e:/program_files/atmel/studio/7.0/toolchain/avr8/avr8-gnu-toolchain/bin/../lib/gcc/avr/5.4.0/avr5\libgcc.a(_divmodhi4.o)
 .text.libgcc.mul
                0x00000000        0x0 e:/program_files/atmel/studio/7.0/toolchain/avr8/avr8-gnu-toolchain/bin/../lib/gcc/avr/5.4.0/avr5\libgcc.a(_divmodhi4.o)
 .text.libgcc   0x00000000        0x0 e:/program_files/atmel/studio/7.0/toolchain/avr8/avr8-gnu-toolchain/bin/../lib/gcc/avr/5.4.0/avr5\libgcc.a(_divmodhi4.o)
 .text.libgcc.prologue
                0x00000000        0x0 e:/program_files/atmel/studio/7.0/toolchain/avr8/avr8-gnu-toolchain/bin/../lib/gcc/avr/5.4.0/avr5\libgcc.a(_divmodhi4.o)
 .text.libgcc.builtins
                0x00000000        0x0 e:/program_files/atmel/studio/7.0/toolchain/avr8/avr8-gnu-toolchain/bin/../lib/gcc/avr/5.4.0/avr5\libgcc.a(_divmodhi4.o)
 .text.libgcc.fmul
                0x00000000        0x0 e:/program_files/atmel/studio/7.0/toolchain/avr8/avr8-gnu-toolchain/bin/../lib/gcc/avr/5.4.0/avr5\libgcc.a(_divmodhi4.o)
 .text.libgcc.fixed
                0x00000000        0x0 e:/program_files/atmel/studio/7.0/toolchain/avr8/avr8-gnu-toolchain/bin/../lib/gcc/avr/5.4.0/avr5\libgcc.a(_divmodhi4.o)
 .text          0x00000000        0x0 e:/program_files/atmel/studio/7.0/toolchain/avr8/avr8-gnu-toolchain/bin/../lib/gcc/avr/5.4.0/avr5\libgcc.a(_exit.o)
 .data          0x00000000        0x0 e:/program_files/atmel/studio/7.0/toolchain/avr8/avr8-gnu-toolchain/bin/../lib/gcc/avr/5.4.0/avr5\libgcc.a(_exit.o)
 .bss           0x00000000        0x0 e:/program_files/atmel/studio/7.0/toolchain/avr8/avr8-gnu-toolchain/bin/../lib/gcc/avr/5.4.0/avr5\libgcc.a(_exit.o)
 .text.libgcc.mul
                0x00000000        0x0 e:/program_files/atmel/studio/7.0/toolchain/avr8/avr8-gnu-toolchain/bin/../lib/gcc/avr/5.4.0/avr5\libgcc.a(_exit.o)
 .text.libgcc.div
                0x00000000        0x0 e:/program_files/atmel/studio/7.0/toolchain/avr8/avr8-gnu-toolchain/bin/../lib/gcc/avr/5.4.0/avr5\libgcc.a(_exit.o)
 .text.libgcc   0x00000000        0x0 e:/program_files/atmel/studio/7.0/toolchain/avr8/avr8-gnu-toolchain/bin/../lib/gcc/avr/5.4.0/avr5\libgcc.a(_exit.o)
 .text.libgcc.prologue
                0x00000000        0x0 e:/program_files/atmel/studio/7.0/toolchain/avr8/avr8-gnu-toolchain/bin/../lib/gcc/avr/5.4.0/avr5\libgcc.a(_exit.o)
 .text.libgcc.builtins
                0x00000000        0x0 e:/program_files/atmel/studio/7.0/toolchain/avr8/avr8-gnu-toolchain/bin/../lib/gcc/avr/5.4.0/avr5\libgcc.a(_exit.o)
 .text.libgcc.fmul
                0x00000000        0x0 e:/program_files/atmel/studio/7.0/toolchain/avr8/avr8-gnu-toolchain/bin/../lib/gcc/avr/5.4.0/avr5\libgcc.a(_exit.o)
 .text.libgcc.fixed
                0x00000000        0x0 e:/program_files/atmel/studio/7.0/toolchain/avr8/avr8-gnu-toolchain/bin/../lib/gcc/avr/5.4.0/avr5\libgcc.a(_exit.o)
 .text          0x00000000        0x0 e:/program_files/atmel/studio/7.0/toolchain/avr8/avr8-gnu-toolchain/bin/../lib/gcc/avr/5.4.0/avr5\libgcc.a(_copy_data.o)
 .data          0x00000000        0x0 e:/program_files/atmel/studio/7.0/toolchain/avr8/avr8-gnu-toolchain/bin/../lib/gcc/avr/5.4.0/avr5\libgcc.a(_copy_data.o)
 .bss           0x00000000        0x0 e:/program_files/atmel/studio/7.0/toolchain/avr8/avr8-gnu-toolchain/bin/../lib/gcc/avr/5.4.0/avr5\libgcc.a(_copy_data.o)
 .text.libgcc.mul
                0x00000000        0x0 e:/program_files/atmel/studio/7.0/toolchain/avr8/avr8-gnu-toolchain/bin/../lib/gcc/avr/5.4.0/avr5\libgcc.a(_copy_data.o)
 .text.libgcc.div
                0x00000000        0x0 e:/program_files/atmel/studio/7.0/toolchain/avr8/avr8-gnu-toolchain/bin/../lib/gcc/avr/5.4.0/avr5\libgcc.a(_copy_data.o)
 .text.libgcc   0x00000000        0x0 e:/program_files/atmel/studio/7.0/toolchain/avr8/avr8-gnu-toolchain/bin/../lib/gcc/avr/5.4.0/avr5\libgcc.a(_copy_data.o)
 .text.libgcc.prologue
                0x00000000        0x0 e:/program_files/atmel/studio/7.0/toolchain/avr8/avr8-gnu-toolchain/bin/../lib/gcc/avr/5.4.0/avr5\libgcc.a(_copy_data.o)
 .text.libgcc.builtins
                0x00000000        0x0 e:/program_files/atmel/studio/7.0/toolchain/avr8/avr8-gnu-toolchain/bin/../lib/gcc/avr/5.4.0/avr5\libgcc.a(_copy_data.o)
 .text.libgcc.fmul
                0x00000000        0x0 e:/program_files/atmel/studio/7.0/toolchain/avr8/avr8-gnu-toolchain/bin/../lib/gcc/avr/5.4.0/avr5\libgcc.a(_copy_data.o)
 .text.libgcc.fixed
                0x00000000        0x0 e:/program_files/atmel/studio/7.0/toolchain/avr8/avr8-gnu-toolchain/bin/../lib/gcc/avr/5.4.0/avr5\libgcc.a(_copy_data.o)
 .text          0x00000000        0x0 e:/program_files/atmel/studio/7.0/toolchain/avr8/avr8-gnu-toolchain/bin/../lib/gcc/avr/5.4.0/avr5\libgcc.a(_clear_bss.o)
 .data          0x00000000        0x0 e:/program_files/atmel/studio/7.0/toolchain/avr8/avr8-gnu-toolchain/bin/../lib/gcc/avr/5.4.0/avr5\libgcc.a(_clear_bss.o)
 .bss           0x00000000        0x0 e:/program_files/atmel/studio/7.0/toolchain/avr8/avr8-gnu-toolchain/bin/../lib/gcc/avr/5.4.0/avr5\libgcc.a(_clear_bss.o)
 .text.libgcc.mul
                0x00000000        0x0 e:/program_files/atmel/studio/7.0/toolchain/avr8/avr8-gnu-toolchain/bin/../lib/gcc/avr/5.4.0/avr5\libgcc.a(_clear_bss.o)
 .text.libgcc.div
                0x00000000        0x0 e:/program_files/atmel/studio/7.0/toolchain/avr8/avr8-gnu-toolchain/bin/../lib/gcc/avr/5.4.0/avr5\libgcc.a(_clear_bss.o)
 .text.libgcc   0x00000000        0x0 e:/program_files/atmel/studio/7.0/toolchain/avr8/avr8-gnu-toolchain/bin/../lib/gcc/avr/5.4.0/avr5\libgcc.a(_clear_bss.o)
 .text.libgcc.prologue
                0x00000000        0x0 e:/program_files/atmel/studio/7.0/toolchain/avr8/avr8-gnu-toolchain/bin/../lib/gcc/avr/5.4.0/avr5\libgcc.a(_clear_bss.o)
 .text.libgcc.builtins
                0x00000000        0x0 e:/program_files/atmel/studio/7.0/toolchain/avr8/avr8-gnu-toolchain/bin/../lib/gcc/avr/5.4.0/avr5\libgcc.a(_clear_bss.o)
 .text.libgcc.fmul
                0x00000000        0x0 e:/program_files/atmel/studio/7.0/toolchain/avr8/avr8-gnu-toolchain/bin/../lib/gcc/avr/5.4.0/avr5\libgcc.a(_clear_bss.o)
 .text.libgcc.fixed
                0x00000000        0x0 e:/program_files/atmel/studio/7.0/toolchain/avr8/avr8-gnu-toolchain/bin/../lib/gcc/avr/5.4.0/avr5\libgcc.a(_clear_bss.o)
 .text          0x00000000        0x0 e:/program_files/atmel/studio/7.0/toolchain/avr8/avr8-gnu-toolchain/bin/../lib/gcc/avr/5.4.0/avr5\libgcc.a(_udivmodhi4.o)
 .data          0x00000000        0x0 e:/program_files/atmel/studio/7.0/toolchain/avr8/avr8-gnu-toolchain/bin/../lib/gcc/avr/5.4.0/avr5\libgcc.a(_udivmodhi4.o)
 .bss           0x00000000        0x0 e:/program_files/atmel/studio/7.0/toolchain/avr8/avr8-gnu-toolchain/bin/../lib/gcc/avr/5.4.0/avr5\libgcc.a(_udivmodhi4.o)
 .text.libgcc.mul
                0x00000000        0x0 e:/program_files/atmel/studio/7.0/toolchain/avr8/avr8-gnu-toolchain/bin/../lib/gcc/avr/5.4.0/avr5\libgcc.a(_udivmodhi4.o)
 .text.libgcc   0x00000000        0x0 e:/program_files/atmel/studio/7.0/toolchain/avr8/avr8-gnu-toolchain/bin/../lib/gcc/avr/5.4.0/avr5\libgcc.a(_udivmodhi4.o)
 .text.libgcc.prologue
                0x00000000        0x0 e:/program_files/atmel/studio/7.0/toolchain/avr8/avr8-gnu-toolchain/bin/../lib/gcc/avr/5.4.0/avr5\libgcc.a(_udivmodhi4.o)
 .text.libgcc.builtins
                0x00000000        0x0 e:/program_files/atmel/studio/7.0/toolchain/avr8/avr8-gnu-toolchain/bin/../lib/gcc/avr/5.4.0/avr5\libgcc.a(_udivmodhi4.o)
 .text.libgcc.fmul
                0x00000000        0x0 e:/program_files/atmel/studio/7.0/toolchain/avr8/avr8-gnu-toolchain/bin/../lib/gcc/avr/5.4.0/avr5\libgcc.a(_udivmodhi4.o)
 .text.libgcc.fixed
                0x00000000        0x0 e:/program_files/atmel/studio/7.0/toolchain/avr8/avr8-gnu-toolchain/bin/../lib/gcc/avr/5.4.0/avr5\libgcc.a(_udivmodhi4.o)
 .text          0x00000000        0x0 e:/program_files/atmel/studio/7.0/toolchain/avr8/avr8-gnu-toolchain/bin/../lib/gcc/avr/5.4.0/../../../../avr/lib/avr5\libc.a(memcpy.o)
 .data          0x00000000        0x0 e:/program_files/atmel/studio/7.0/toolchain/avr8/avr8-gnu-toolchain/bin/../lib/gcc/avr/5.4.0/../../../../avr/lib/avr5\libc.a(memcpy.o)
 .bss           0x00000000        0x0 e:/program_files/atmel/studio/7.0/toolchain/avr8/avr8-gnu-toolchain/bin/../lib/gcc/avr/5.4.0/../../../../avr/lib/avr5\libc.a(memcpy.o)
 .text          0x00000000        0x0 e:/program_files/atmel/studio/7.0/toolchain/avr8/avr8-gnu-toolchain/bin/../lib/gcc/avr/5.4.0/../../../../avr/lib/avr5\libc.a(memset.o)
 .data          0x00000000        0x0 e:/program_files/atmel/studio/7.0/toolchain/avr8/avr8-gnu-toolchain/bin/../lib/gcc/avr/5.4.0/../../../../avr/lib/avr5\libc.a(memset.o)
 .bss           0x00000000        0x0 e:/program_files/atmel/studio/7.0/toolchain/avr8/avr8-gnu-toolchain/bin/../lib/gcc/avr/5.4.0/../../../../avr/lib/avr5\libc.a(memset.o)
 .text          0x00000000        0x0 e:/program_files/atmel/studio/7.0/toolchain/avr8/avr8-gnu-toolchain/bin/../lib/gcc/avr/5.4.0/../../../../avr/lib/avr5\libc.a(strncpy.o)
 .data          0x00000000        0x0 e:/program_files/atmel/studio/7.0/toolchain/avr8/avr8-gnu-toolchain/bin/../lib/gcc/avr/5.4.0/../../../../avr/lib/avr5\libc.a(strncpy.o)
 .bss           0x00000000        0x0 e:/program_files/atmel/studio/7.0/toolchain/avr8/avr8-gnu-toolchain/bin/../lib/gcc/avr/5.4.0/../../../../avr/lib/avr5\libc.a(strncpy.o)

Memory Configuration

Name             Origin             Length             Attributes
text             0x00000000         0x00008000         xr
data             0x00800060         0x00000800         rw !x
eeprom           0x00810000         0x00000400         rw !x
fuse             0x00820000         0x00000002         rw !x
lock             0x00830000         0x00000400         rw !x
signature        0x00840000         0x00000400         rw !x
user_signatures  0x00850000         0x00000400         rw !x
*default*        0x00000000         0xffffffff

Linker script and memory map

LOAD e:/program_files/atmel/studio/7.0/toolchain/avr8/avr8-gnu-toolchain/bin/../lib/gcc/avr/5.4.0/../../../../avr/lib/avr5/crtatmega32.o
LOAD main.o
LOAD Source/crc8.o
LOAD Source/croutine.o
LOAD Source/ds18x20.o
LOAD Source/list.o
LOAD Source/onewire.o
LOAD Source/portable/MemMang/heap_1.o
LOAD Source/portable/port.o
LOAD Source/queue.o
LOAD Source/tasks.o
LOAD Source/timers.o
START GROUP
LOAD e:/program_files/atmel/studio/7.0/toolchain/avr8/avr8-gnu-toolchain/bin/../lib/gcc/avr/5.4.0/../../../../avr/lib/avr5\libm.a
END GROUP
START GROUP
LOAD e:/program_files/atmel/studio/7.0/toolchain/avr8/avr8-gnu-toolchain/bin/../lib/gcc/avr/5.4.0/avr5\libgcc.a
LOAD e:/program_files/atmel/studio/7.0/toolchain/avr8/avr8-gnu-toolchain/bin/../lib/gcc/avr/5.4.0/../../../../avr/lib/avr5\libm.a
LOAD e:/program_files/atmel/studio/7.0/toolchain/avr8/avr8-gnu-toolchain/bin/../lib/gcc/avr/5.4.0/../../../../avr/lib/avr5\libc.a
LOAD e:/program_files/atmel/studio/7.0/toolchain/avr8/avr8-gnu-toolchain/bin/../lib/gcc/avr/5.4.0/../../../../avr/lib/avr5\libatmega32.a
END GROUP
                0x00000000                __TEXT_REGION_ORIGIN__ = DEFINED (__TEXT_REGION_ORIGIN__)?__TEXT_REGION_ORIGIN__:0x0
                [0x00800060]                __DATA_REGION_ORIGIN__ = DEFINED (__DATA_REGION_ORIGIN__)?__DATA_REGION_ORIGIN__:0x800060
                [0x00008000]                __TEXT_REGION_LENGTH__ = DEFINED (__TEXT_REGION_LENGTH__)?__TEXT_REGION_LENGTH__:0x20000
                [0x00000800]                __DATA_REGION_LENGTH__ = DEFINED (__DATA_REGION_LENGTH__)?__DATA_REGION_LENGTH__:0xffa0
                [0x00000400]                __EEPROM_REGION_LENGTH__ = DEFINED (__EEPROM_REGION_LENGTH__)?__EEPROM_REGION_LENGTH__:0x10000
                [0x00000002]                __FUSE_REGION_LENGTH__ = DEFINED (__FUSE_REGION_LENGTH__)?__FUSE_REGION_LENGTH__:0x400
                0x00000400                __LOCK_REGION_LENGTH__ = DEFINED (__LOCK_REGION_LENGTH__)?__LOCK_REGION_LENGTH__:0x400
                0x00000400                __SIGNATURE_REGION_LENGTH__ = DEFINED (__SIGNATURE_REGION_LENGTH__)?__SIGNATURE_REGION_LENGTH__:0x400
                0x00000400                __USER_SIGNATURE_REGION_LENGTH__ = DEFINED (__USER_SIGNATURE_REGION_LENGTH__)?__USER_SIGNATURE_REGION_LENGTH__:0x400

.hash
 *(.hash)

.dynsym
 *(.dynsym)

.dynstr
 *(.dynstr)

.gnu.version
 *(.gnu.version)

.gnu.version_d
 *(.gnu.version_d)

.gnu.version_r
 *(.gnu.version_r)

.rel.init
 *(.rel.init)

.rela.init
 *(.rela.init)

.rel.text
 *(.rel.text)
 *(.rel.text.*)
 *(.rel.gnu.linkonce.t*)

.rela.text
 *(.rela.text)
 *(.rela.text.*)
 *(.rela.gnu.linkonce.t*)

.rel.fini
 *(.rel.fini)

.rela.fini
 *(.rela.fini)

.rel.rodata
 *(.rel.rodata)
 *(.rel.rodata.*)
 *(.rel.gnu.linkonce.r*)

.rela.rodata
 *(.rela.rodata)
 *(.rela.rodata.*)
 *(.rela.gnu.linkonce.r*)

.rel.data
 *(.rel.data)
 *(.rel.data.*)
 *(.rel.gnu.linkonce.d*)

.rela.data
 *(.rela.data)
 *(.rela.data.*)
 *(.rela.gnu.linkonce.d*)

.rel.ctors
 *(.rel.ctors)

.rela.ctors
 *(.rela.ctors)

.rel.dtors
 *(.rel.dtors)

.rela.dtors
 *(.rela.dtors)

.rel.got
 *(.rel.got)

.rela.got
 *(.rela.got)

.rel.bss
 *(.rel.bss)

.rela.bss
 *(.rela.bss)

.rel.plt
 *(.rel.plt)

.rela.plt
 *(.rela.plt)

.text           0x00000000     0x1820
 *(.vectors)
 .vectors       0x00000000       0x54 e:/program_files/atmel/studio/7.0/toolchain/avr8/avr8-gnu-toolchain/bin/../lib/gcc/avr/5.4.0/../../../../avr/lib/avr5/crtatmega32.o
                0x00000000                __vector_default
                0x00000000                __vectors
 *(.vectors)
 *(.progmem.gcc*)
                0x00000054                . = ALIGN (0x2)
                0x00000054                __trampolines_start = .
 *(.trampolines)
 .trampolines   0x00000054        0x0 linker stubs
 *(.trampolines*)
                0x00000054                __trampolines_end = .
 *libprintf_flt.a:*(.progmem.data)
 *libc.a:*(.progmem.data)
 *(.progmem*)
 .progmem.data.seg7
                0x00000054        0xa main.o
                0x00000054                seg7
                0x0000005e                . = ALIGN (0x2)
 *(.jumptables)
 *(.jumptables*)
 *(.lowtext)
 *(.lowtext*)
                0x0000005e                __ctors_start = .
 *(.ctors)
                0x0000005e                __ctors_end = .
                0x0000005e                __dtors_start = .
 *(.dtors)
                0x0000005e                __dtors_end = .
 SORT(*)(.ctors)
 SORT(*)(.dtors)
 *(.init0)
 .init0         0x0000005e        0x0 e:/program_files/atmel/studio/7.0/toolchain/avr8/avr8-gnu-toolchain/bin/../lib/gcc/avr/5.4.0/../../../../avr/lib/avr5/crtatmega32.o
                0x0000005e                __init
 *(.init0)
 *(.init1)
 *(.init1)
 *(.init2)
 .init2         0x0000005e        0xc e:/program_files/atmel/studio/7.0/toolchain/avr8/avr8-gnu-toolchain/bin/../lib/gcc/avr/5.4.0/../../../../avr/lib/avr5/crtatmega32.o
 *(.init2)
 *(.init3)
 *(.init3)
 *(.init4)
 .init4         0x0000006a       0x16 e:/program_files/atmel/studio/7.0/toolchain/avr8/avr8-gnu-toolchain/bin/../lib/gcc/avr/5.4.0/avr5\libgcc.a(_copy_data.o)
                0x0000006a                __do_copy_data
 .init4         0x00000080       0x10 e:/program_files/atmel/studio/7.0/toolchain/avr8/avr8-gnu-toolchain/bin/../lib/gcc/avr/5.4.0/avr5\libgcc.a(_clear_bss.o)
                0x00000080                __do_clear_bss
 *(.init4)
 *(.init5)
 *(.init5)
 *(.init6)
 *(.init6)
 *(.init7)
 *(.init7)
 *(.init8)
 *(.init8)
 *(.init9)
 .init9         0x00000090        0x6 e:/program_files/atmel/studio/7.0/toolchain/avr8/avr8-gnu-toolchain/bin/../lib/gcc/avr/5.4.0/../../../../avr/lib/avr5/crtatmega32.o
 *(.init9)
 *(.text)
 .text          0x00000096        0x2 e:/program_files/atmel/studio/7.0/toolchain/avr8/avr8-gnu-toolchain/bin/../lib/gcc/avr/5.4.0/../../../../avr/lib/avr5/crtatmega32.o
                0x00000096                __vector_1
                0x00000096                __vector_12
                0x00000096                __bad_interrupt
                0x00000096                __vector_6
                0x00000096                __vector_3
                0x00000096                __vector_11
                0x00000096                __vector_13
                0x00000096                __vector_17
                0x00000096                __vector_19
                0x00000096                __vector_5
                0x00000096                __vector_4
                0x00000096                __vector_9
                0x00000096                __vector_2
                0x00000096                __vector_15
                0x00000096                __vector_8
                0x00000096                __vector_14
                0x00000096                __vector_16
                0x00000096                __vector_18
                0x00000096                __vector_20
                0x00000098                . = ALIGN (0x2)
 *(.text.*)
 .text.prvDisplayTemp
                0x00000098       0x6c main.o
 .text.vTaskKeysLed
                0x00000104      0x1fa main.o
 .text.vTaskMeasTemp
                0x000002fe       0xd4 main.o
 .text.__vector_10
                0x000003d2       0xdc main.o
                0x000003d2                __vector_10
 .text.startup.main
                0x000004ae       0x8c main.o
                0x000004ae                main
 .text.crc8     0x0000053a       0x32 Source/crc8.o
                0x0000053a                crc8
 .text.DS18X20_meas_to_cel
                0x0000056c       0xc4 Source/ds18x20.o
                0x0000056c                DS18X20_meas_to_cel
 .text.DS18X20_find_sensor
                0x00000630       0x30 Source/ds18x20.o
                0x00000630                DS18X20_find_sensor
 .text.search_sensors
                0x00000660       0x76 Source/ds18x20.o
                0x00000660                search_sensors
 .text.DS18X20_start_meas
                0x000006d6       0x3a Source/ds18x20.o
                0x000006d6                DS18X20_start_meas
 .text.DS18X20_read_meas
                0x00000710       0xb8 Source/ds18x20.o
                0x00000710                DS18X20_read_meas
 .text.vListInitialise
                0x000007c8       0x1c Source/list.o
                0x000007c8                vListInitialise
 .text.vListInitialiseItem
                0x000007e4        0x8 Source/list.o
                0x000007e4                vListInitialiseItem
 .text.vListInsertEnd
                0x000007ec       0x46 Source/list.o
                0x000007ec                vListInsertEnd
 .text.vListInsert
                0x00000832       0x6e Source/list.o
                0x00000832                vListInsert
 .text.vListRemove
                0x000008a0       0x48 Source/list.o
                0x000008a0                vListRemove
 .text.ow_input_pin_state
                0x000008e8        0x6 Source/onewire.o
                0x000008e8                ow_input_pin_state
 .text.ow_parasite_enable
                0x000008ee        0x6 Source/onewire.o
                0x000008ee                ow_parasite_enable
 .text.ow_reset
                0x000008f4       0x32 Source/onewire.o
                0x000008f4                ow_reset
 .text.ow_bit_io
                0x00000926       0x26 Source/onewire.o
                0x00000926                ow_bit_io
 .text.ow_byte_wr
                0x0000094c       0x20 Source/onewire.o
                0x0000094c                ow_byte_wr
 .text.ow_byte_rd
                0x0000096c        0x4 Source/onewire.o
                0x0000096c                ow_byte_rd
 .text.ow_rom_search
                0x00000970       0x90 Source/onewire.o
                0x00000970                ow_rom_search
 .text.ow_command
                0x00000a00       0x3e Source/onewire.o
                0x00000a00                ow_command
 .text.pvPortMalloc
                0x00000a3e       0x48 Source/portable/MemMang/heap_1.o
                0x00000a3e                pvPortMalloc
 .text.vPortFree
                0x00000a86        0x2 Source/portable/MemMang/heap_1.o
                0x00000a86                vPortFree
 .text.pxPortInitialiseStack
                0x00000a88       0xd8 Source/portable/port.o
                0x00000a88                pxPortInitialiseStack
 .text.xPortStartScheduler
                0x00000b60       0x6a Source/portable/port.o
                0x00000b60                xPortStartScheduler
 .text.vPortYield
                0x00000bca       0xb0 Source/portable/port.o
                0x00000bca                vPortYield
 .text.__vector_7
                0x00000c7a       0x46 Source/portable/port.o
                0x00000c7a                __vector_7
 .text.prvCopyDataToQueue
                0x00000cc0       0x7c Source/queue.o
 .text.prvCopyDataFromQueue
                0x00000d3c       0x34 Source/queue.o
 .text.prvUnlockQueue
                0x00000d70       0x74 Source/queue.o
 .text.xQueueCreate
                0x00000de4       0x8c Source/queue.o
                0x00000de4                xQueueCreate
 .text.xQueueGenericSend
                0x00000e70      0x10c Source/queue.o
                0x00000e70                xQueueGenericSend
 .text.xQueueGenericSendFromISR
                0x00000f7c       0x4c Source/queue.o
                0x00000f7c                xQueueGenericSendFromISR
 .text.xQueueGenericReceive
                0x00000fc8      0x12a Source/queue.o
                0x00000fc8                xQueueGenericReceive
 .text.prvIdleTask
                0x000010f2        0x4 Source/tasks.o
 .text.prvAddCurrentTaskToDelayedList
                0x000010f6       0x6c Source/tasks.o
 .text.xTaskGenericCreate
                0x00001162      0x1c4 Source/tasks.o
                0x00001162                xTaskGenericCreate
 .text.vTaskStartScheduler
                0x00001326       0x60 Source/tasks.o
                0x00001326                vTaskStartScheduler
 .text.vTaskSuspendAll
                0x00001386        0xc Source/tasks.o
                0x00001386                vTaskSuspendAll
 .text.vTaskIncrementTick
                0x00001392      0x138 Source/tasks.o
                0x00001392                vTaskIncrementTick
 .text.xTaskResumeAll
                0x000014ca       0xd2 Source/tasks.o
                0x000014ca                xTaskResumeAll
 .text.vTaskDelay
                0x0000159c       0x38 Source/tasks.o
                0x0000159c                vTaskDelay
 .text.vTaskSwitchContext
                0x000015d4       0x94 Source/tasks.o
                0x000015d4                vTaskSwitchContext
 .text.vTaskPlaceOnEventList
                0x00001668       0x32 Source/tasks.o
                0x00001668                vTaskPlaceOnEventList
 .text.xTaskRemoveFromEventList
                0x0000169a       0x74 Source/tasks.o
                0x0000169a                xTaskRemoveFromEventList
 .text.vTaskSetTimeOutState
                0x0000170e       0x16 Source/tasks.o
                0x0000170e                vTaskSetTimeOutState
 .text.xTaskCheckForTimeOut
                0x00001724       0x64 Source/tasks.o
                0x00001724                xTaskCheckForTimeOut
 .text.vTaskMissedYield
                0x00001788        0x8 Source/tasks.o
                0x00001788                vTaskMissedYield
 .text.libgcc.div
                0x00001790       0x26 e:/program_files/atmel/studio/7.0/toolchain/avr8/avr8-gnu-toolchain/bin/../lib/gcc/avr/5.4.0/avr5\libgcc.a(_divmodhi4.o)
                0x00001790                _div
                0x00001790                __divmodhi4
 .text.libgcc.div
                0x000017b6       0x28 e:/program_files/atmel/studio/7.0/toolchain/avr8/avr8-gnu-toolchain/bin/../lib/gcc/avr/5.4.0/avr5\libgcc.a(_udivmodhi4.o)
                0x000017b6                __udivmodhi4
 .text.avr-libc
                0x000017de       0x12 e:/program_files/atmel/studio/7.0/toolchain/avr8/avr8-gnu-toolchain/bin/../lib/gcc/avr/5.4.0/../../../../avr/lib/avr5\libc.a(memcpy.o)
                0x000017de                memcpy
 .text.avr-libc
                0x000017f0        0xe e:/program_files/atmel/studio/7.0/toolchain/avr8/avr8-gnu-toolchain/bin/../lib/gcc/avr/5.4.0/../../../../avr/lib/avr5\libc.a(memset.o)
                0x000017f0                memset
 .text.avr-libc
                0x000017fe       0x1e e:/program_files/atmel/studio/7.0/toolchain/avr8/avr8-gnu-toolchain/bin/../lib/gcc/avr/5.4.0/../../../../avr/lib/avr5\libc.a(strncpy.o)
                0x000017fe                strncpy
                0x0000181c                . = ALIGN (0x2)
 *(.fini9)
 .fini9         0x0000181c        0x0 e:/program_files/atmel/studio/7.0/toolchain/avr8/avr8-gnu-toolchain/bin/../lib/gcc/avr/5.4.0/avr5\libgcc.a(_exit.o)
                0x0000181c                _exit
                0x0000181c                exit
 *(.fini9)
 *(.fini8)
 *(.fini8)
 *(.fini7)
 *(.fini7)
 *(.fini6)
 *(.fini6)
 *(.fini5)
 *(.fini5)
 *(.fini4)
 *(.fini4)
 *(.fini3)
 *(.fini3)
 *(.fini2)
 *(.fini2)
 *(.fini1)
 *(.fini1)
 *(.fini0)
 .fini0         0x0000181c        0x4 e:/program_files/atmel/studio/7.0/toolchain/avr8/avr8-gnu-toolchain/bin/../lib/gcc/avr/5.4.0/avr5\libgcc.a(_exit.o)
 *(.fini0)
                0x00001820                _etext = .

.data           0x00800060       0x36 load address 0x00001820
                0x00800060                PROVIDE (__data_start, .)
 *(.data)
 *(.data*)
 .data.temp_alarm_max
                0x00800060        0x2 main.o
                0x00800060                temp_alarm_max
 .data.temp_alarm_min
                0x00800062        0x2 main.o
                0x00800062                temp_alarm_min
 .data.xNextTaskUnblockTime
                0x00800064        0x2 Source/tasks.o
 *(.gnu.linkonce.d*)
 *(.rodata)
 .rodata        0x00800066       0x10 Source/ds18x20.o
 *(.rodata*)
 .rodata.str1.1
                0x00800076       0x1b main.o
 .rodata.str1.1
                0x00800091        0x5 Source/tasks.o
 *(.gnu.linkonce.r*)
                0x00800096                . = ALIGN (0x2)
                0x00800096                _edata = .
                0x00800096                PROVIDE (__data_end, .)

.bss            0x00800096      0x64b
                0x00800096                PROVIDE (__bss_start, .)
 *(.bss)
 *(.bss*)
 .bss.step.1763
                0x00800096        0x1 main.o
 .bss.time_switch_mode.1762
                0x00800097        0x1 main.o
 .bss.press.1761
                0x00800098        0x1 main.o
 .bss.KBD2.1760
                0x00800099        0x1 main.o
 .bss.t.1752    0x0080009a        0x2 main.o
 .bss.Tim2s     0x0080009c        0x2 main.o
 .bss.mode      0x0080009e        0x1 main.o
                0x0080009e                mode
 .bss.xNextFreeByte
                0x0080009f        0x2 Source/portable/MemMang/heap_1.o
 .bss.xHeap     0x008000a1      0x5dc Source/portable/MemMang/heap_1.o
 .bss.uxTaskNumber
                0x0080067d        0x1 Source/tasks.o
 .bss.xNumOfOverflows
                0x0080067e        0x1 Source/tasks.o
 .bss.xMissedYield
                0x0080067f        0x1 Source/tasks.o
 .bss.uxMissedTicks
                0x00800680        0x1 Source/tasks.o
 .bss.uxSchedulerSuspended
                0x00800681        0x1 Source/tasks.o
 .bss.xSchedulerRunning
                0x00800682        0x1 Source/tasks.o
 .bss.uxTopReadyPriority
                0x00800683        0x1 Source/tasks.o
 .bss.uxTopUsedPriority
                0x00800684        0x1 Source/tasks.o
 .bss.xTickCount
                0x00800685        0x2 Source/tasks.o
 .bss.uxCurrentNumberOfTasks
                0x00800687        0x1 Source/tasks.o
 .bss.xPendingReadyList
                0x00800688        0x9 Source/tasks.o
 .bss.pxOverflowDelayedTaskList
                0x00800691        0x2 Source/tasks.o
 .bss.pxDelayedTaskList
                0x00800693        0x2 Source/tasks.o
 .bss.xDelayedTaskList2
                0x00800695        0x9 Source/tasks.o
 .bss.xDelayedTaskList1
                0x0080069e        0x9 Source/tasks.o
 .bss.pxReadyTasksLists
                0x008006a7       0x24 Source/tasks.o
 .bss.pxCurrentTCB
                0x008006cb        0x2 Source/tasks.o
                0x008006cb                pxCurrentTCB
 *(COMMON)
 COMMON         0x008006cd        0xc main.o
                0x008006cd                temp_max
                0x008006cf                temp_min
                0x008006d1                temp_act
                0x008006d3                LED_ptr
                0x008006d4                first_temp
                0x008006d5                LED_buf
 COMMON         0x008006d9        0x8 Source/ds18x20.o
                0x008006d9                gSensorIDs
                0x008006e1                PROVIDE (__bss_end, .)
                0x00001820                __data_load_start = LOADADDR (.data)
                0x00001856                __data_load_end = (__data_load_start + SIZEOF (.data))

.noinit         0x008006e1        0x0
                [!provide]                PROVIDE (__noinit_start, .)
 *(.noinit*)
                [!provide]                PROVIDE (__noinit_end, .)
                0x008006e1                _end = .
                [!provide]                PROVIDE (__heap_start, .)

.eeprom         0x00810000        0x0
 *(.eeprom*)
                0x00810000                __eeprom_end = .

.fuse
 *(.fuse)
 *(.lfuse)
 *(.hfuse)
 *(.efuse)

.lock
 *(.lock*)

.signature
 *(.signature*)

.user_signatures
 *(.user_signatures*)

.stab
 *(.stab)

.stabstr
 *(.stabstr)

.stab.excl
 *(.stab.excl)

.stab.exclstr
 *(.stab.exclstr)

.stab.index
 *(.stab.index)

.stab.indexstr
 *(.stab.indexstr)

.comment        0x00000000       0x30
 *(.comment)
 .comment       0x00000000       0x30 main.o
                                 0x31 (size before relaxing)
 .comment       0x00000030       0x31 Source/crc8.o
 .comment       0x00000030       0x31 Source/ds18x20.o
 .comment       0x00000030       0x31 Source/list.o
 .comment       0x00000030       0x31 Source/onewire.o
 .comment       0x00000030       0x31 Source/portable/MemMang/heap_1.o
 .comment       0x00000030       0x31 Source/portable/port.o
 .comment       0x00000030       0x31 Source/queue.o
 .comment       0x00000030       0x31 Source/tasks.o

.note.gnu.avr.deviceinfo
                0x00000000       0x3c
 .note.gnu.avr.deviceinfo
                0x00000000       0x3c e:/program_files/atmel/studio/7.0/toolchain/avr8/avr8-gnu-toolchain/bin/../lib/gcc/avr/5.4.0/../../../../avr/lib/avr5/crtatmega32.o

.note.gnu.build-id
 *(.note.gnu.build-id)

.debug
 *(.debug)

.line
 *(.line)

.debug_srcinfo
 *(.debug_srcinfo)

.debug_sfnames
 *(.debug_sfnames)

.debug_aranges  0x00000000      0x300
 *(.debug_aranges)
 .debug_aranges
                0x00000000       0x40 main.o
 .debug_aranges
                0x00000040       0x20 Source/crc8.o
 .debug_aranges
                0x00000060       0x58 Source/ds18x20.o
 .debug_aranges
                0x000000b8       0x40 Source/list.o
 .debug_aranges
                0x000000f8       0x60 Source/onewire.o
 .debug_aranges
                0x00000158       0x38 Source/portable/MemMang/heap_1.o
 .debug_aranges
                0x00000190       0x48 Source/portable/port.o
 .debug_aranges
                0x000001d8       0x80 Source/queue.o
 .debug_aranges
                0x00000258       0xa8 Source/tasks.o

.debug_pubnames
 *(.debug_pubnames)

.debug_info     0x00000000     0x3a38
 *(.debug_info .gnu.linkonce.wi.*)
 .debug_info    0x00000000      0x4e6 e:/program_files/atmel/studio/7.0/toolchain/avr8/avr8-gnu-toolchain/bin/../lib/gcc/avr/5.4.0/../../../../avr/lib/avr5/crtatmega32.o
 .debug_info    0x000004e6      0x664 main.o
 .debug_info    0x00000b4a      0x106 Source/crc8.o
 .debug_info    0x00000c50      0x5fd Source/ds18x20.o
 .debug_info    0x0000124d      0x2bb Source/list.o
 .debug_info    0x00001508      0x612 Source/onewire.o
 .debug_info    0x00001b1a      0x1a7 Source/portable/MemMang/heap_1.o
 .debug_info    0x00001cc1      0x23e Source/portable/port.o
 .debug_info    0x00001eff      0xc0c Source/queue.o
 .debug_info    0x00002b0b      0xf2d Source/tasks.o

.debug_abbrev   0x00000000     0x1330
 *(.debug_abbrev)
 .debug_abbrev  0x00000000      0x4a3 e:/program_files/atmel/studio/7.0/toolchain/avr8/avr8-gnu-toolchain/bin/../lib/gcc/avr/5.4.0/../../../../avr/lib/avr5/crtatmega32.o
 .debug_abbrev  0x000004a3      0x1f5 main.o
 .debug_abbrev  0x00000698       0x8b Source/crc8.o
 .debug_abbrev  0x00000723      0x17d Source/ds18x20.o
 .debug_abbrev  0x000008a0       0xf6 Source/list.o
 .debug_abbrev  0x00000996      0x1da Source/onewire.o
 .debug_abbrev  0x00000b70      0x136 Source/portable/MemMang/heap_1.o
 .debug_abbrev  0x00000ca6      0x16f Source/portable/port.o
 .debug_abbrev  0x00000e15      0x23a Source/queue.o
 .debug_abbrev  0x0000104f      0x2e1 Source/tasks.o

.debug_line     0x00000000     0x1ecb
 *(.debug_line .debug_line.* .debug_line_end)
 .debug_line    0x00000000       0x1a e:/program_files/atmel/studio/7.0/toolchain/avr8/avr8-gnu-toolchain/bin/../lib/gcc/avr/5.4.0/../../../../avr/lib/avr5/crtatmega32.o
 .debug_line    0x0000001a      0x435 main.o
 .debug_line    0x0000044f       0xfe Source/crc8.o
 .debug_line    0x0000054d      0x34b Source/ds18x20.o
 .debug_line    0x00000898      0x1a2 Source/list.o
 .debug_line    0x00000a3a      0x399 Source/onewire.o
 .debug_line    0x00000dd3      0x153 Source/portable/MemMang/heap_1.o
 .debug_line    0x00000f26      0x2b5 Source/portable/port.o
 .debug_line    0x000011db      0x65e Source/queue.o
 .debug_line    0x00001839      0x692 Source/tasks.o

.debug_frame    0x00000000      0x920
 *(.debug_frame)
 .debug_frame   0x00000000       0xcc main.o
 .debug_frame   0x000000cc       0x24 Source/crc8.o
 .debug_frame   0x000000f0      0x1b0 Source/ds18x20.o
 .debug_frame   0x000002a0       0x88 Source/list.o
 .debug_frame   0x00000328       0xf0 Source/onewire.o
 .debug_frame   0x00000418       0x68 Source/portable/MemMang/heap_1.o
 .debug_frame   0x00000480       0xbc Source/portable/port.o
 .debug_frame   0x0000053c      0x1c8 Source/queue.o
 .debug_frame   0x00000704      0x21c Source/tasks.o

.debug_str      0x00000000     0x111f
 *(.debug_str)
 .debug_str     0x00000000      0x196 e:/program_files/atmel/studio/7.0/toolchain/avr8/avr8-gnu-toolchain/bin/../lib/gcc/avr/5.4.0/../../../../avr/lib/avr5/crtatmega32.o
 .debug_str     0x00000196      0x373 main.o
                                0x3d9 (size before relaxing)
 .debug_str     0x00000509       0x5f Source/crc8.o
                                0x1dc (size before relaxing)
 .debug_str     0x00000568      0x141 Source/ds18x20.o
                                0x31d (size before relaxing)
 .debug_str     0x000006a9      0x12f Source/list.o
                                0x2b3 (size before relaxing)
 .debug_str     0x000007d8       0xa0 Source/onewire.o
                                0x287 (size before relaxing)
 .debug_str     0x00000878       0xcf Source/portable/MemMang/heap_1.o
                                0x25c (size before relaxing)
 .debug_str     0x00000947       0xff Source/portable/port.o
                                0x2b9 (size before relaxing)
 .debug_str     0x00000a46      0x30e Source/queue.o
                                0x609 (size before relaxing)
 .debug_str     0x00000d54      0x3cb Source/tasks.o
                                0x80f (size before relaxing)

.debug_loc      0x00000000     0x2d51
 *(.debug_loc)
 .debug_loc     0x00000000      0x275 main.o
 .debug_loc     0x00000275      0x12f Source/crc8.o
 .debug_loc     0x000003a4      0x84e Source/ds18x20.o
 .debug_loc     0x00000bf2      0x185 Source/list.o
 .debug_loc     0x00000d77      0x582 Source/onewire.o
 .debug_loc     0x000012f9       0xcf Source/portable/MemMang/heap_1.o
 .debug_loc     0x000013c8      0x36b Source/portable/port.o
 .debug_loc     0x00001733      0xbd5 Source/queue.o
 .debug_loc     0x00002308      0xa49 Source/tasks.o

.debug_macinfo
 *(.debug_macinfo)

.debug_weaknames
 *(.debug_weaknames)

.debug_funcnames
 *(.debug_funcnames)

.debug_typenames
 *(.debug_typenames)

.debug_varnames
 *(.debug_varnames)

.debug_pubtypes
 *(.debug_pubtypes)

.debug_ranges   0x00000000      0x288
 *(.debug_ranges)
 .debug_ranges  0x00000000       0x30 main.o
 .debug_ranges  0x00000030       0x10 Source/crc8.o
 .debug_ranges  0x00000040       0x48 Source/ds18x20.o
 .debug_ranges  0x00000088       0x30 Source/list.o
 .debug_ranges  0x000000b8       0x50 Source/onewire.o
 .debug_ranges  0x00000108       0x28 Source/portable/MemMang/heap_1.o
 .debug_ranges  0x00000130       0x38 Source/portable/port.o
 .debug_ranges  0x00000168       0x70 Source/queue.o
 .debug_ranges  0x000001d8       0xb0 Source/tasks.o

.debug_macro
 *(.debug_macro)
OUTPUT(termometr.elf elf32-avr)
LOAD linker stubs
